// Jest Snapshot v1, https://goo.gl/fbAQLP

exports[`Tests in <About /> should render <About />  1`] = `
<styled.section
  id="about"
>
  <div
    className="container"
  >
    <h1
      data-aos="fade-up"
      data-aos-delay="200"
    >
      Hola, soy 
      <span
        className="underline"
      >
        Rodrigo
      </span>
      .
    </h1>
    <ul>
      <li
        data-aos="fade-right"
        data-aos-delay="300"
      >
        <FaUserGraduate
          className="li-icon"
        />
        Egresado de Ingenieria Civil Informatica en la Universidad San Sebastián de Chile.
      </li>
      <li
        data-aos="fade-right"
        data-aos-delay="400"
      >
        <FaCode
          className="li-icon"
        />
        Solidos Conocimientos en HTML, CSS y JavaScript.
      </li>
      <li
        data-aos="fade-right"
        data-aos-delay="500"
      >
        <GoRocket
          className="li-icon"
        />
        Interesado en formar parte de una empresa en la que pueda constribuir con mis conocimientos y consolidarme como desarrollador.
      </li>
    </ul>
    <a
      className="button"
      download={true}
      href="rodrigo_valenzuela_cv.pdf"
    >
      Descargar CV
      <BiDownload
        className="btn-icon"
      />
    </a>
    <img
      alt="developer"
      className="dev-image"
      data-aos="zoom-in-left"
      src="coder2.svg"
    />
  </div>
</styled.section>
`;
