// Jest Snapshot v1, https://goo.gl/fbAQLP

exports[`Tests in <Navbar /> should render <Navbar />  1`] = `
<nav
  className="nav-links"
>
  <Link
    activeClass="active"
    duration={200}
    key="0"
    offset={-50}
    smooth={true}
    spy={true}
    to="about"
  >
    Sobre Mi
  </Link>
  <Link
    activeClass="active"
    duration={200}
    key="1"
    offset={-50}
    smooth={true}
    spy={true}
    to="stack"
  >
    Stack
  </Link>
  <Link
    activeClass="active"
    duration={200}
    key="2"
    offset={-50}
    smooth={true}
    spy={true}
    to="projects"
  >
    Proyectos
  </Link>
</nav>
`;
